
> chamados@0.1.0 build
> next build

Ôû▓ Next.js 16.1.6 (Turbopack)
- Environments: .env

  Creating an optimized production build ...
Ô£ô Compiled successfully in 2.5s
  Running TypeScript ...
  Collecting page data using 19 workers ...
  Generating static pages using 19 workers (0/14) ...
  Generating static pages using 19 workers (3/14) 
  Generating static pages using 19 workers (6/14) 
  Generating static pages using 19 workers (10/14) 
Ô£ô Generating static pages using 19 workers (14/14) in 1549.7ms
  Finalizing page optimization ...

Route (app)
Ôöî Ôùï /
Ôö£ Ôùï /_not-found
Ôö£ ãÆ /admin
Ôö£ ãÆ /admin/departamentos
Ôö£ ãÆ /admin/locais
Ôö£ ãÆ /admin/tipos
Ôö£ ãÆ /admin/usuarios
Ôö£ ãÆ /api/auth/[...nextauth]
Ôö£ ãÆ /api/cron/preventivas
Ôö£ ãÆ /chamado/[id]
Ôö£ ãÆ /chamado/novo
Ôö£ ãÆ /dashboard
Ôö£ Ôùï /login
Ôöö ãÆ /relatorios


Ôùï  (Static)   prerendered as static content
ãÆ  (Dynamic)  server-rendered on demand

